Error code: 1 at Wed Jun  4 06:39:41 PM CEST 2025
Import operation status: 1 at Wed Jun  4 06:39:41 PM CEST 2025
Import process failed with status 1 at Wed Jun  4 06:39:41 PM CEST 2025
Import completed at Wed Jun  4 06:40:05 PM CEST 2025
Import operation status: 0 at Wed Jun  4 06:40:05 PM CEST 2025
Import process completed successfully with status 0 at Wed Jun  4 06:40:05 PM CEST 2025
Import completed at Wed Jun  4 06:41:22 PM CEST 2025
Import operation status: 0 at Wed Jun  4 06:41:22 PM CEST 2025
Import process completed successfully with status 0 at Wed Jun  4 06:41:22 PM CEST 2025
Error code: 1 at Wed Jun  4 06:42:39 PM CEST 2025
Import operation status: 1 at Wed Jun  4 06:42:39 PM CEST 2025
Import process failed with status 1 at Wed Jun  4 06:42:39 PM CEST 2025
Import completed at Wed Jun  4 06:43:11 PM CEST 2025
Import operation status: 0 at Wed Jun  4 06:43:11 PM CEST 2025
Import process completed successfully with status 0 at Wed Jun  4 06:43:11 PM CEST 2025
Import completed at Wed Jun  4 06:43:45 PM CEST 2025
Import operation status: 0 at Wed Jun  4 06:43:45 PM CEST 2025
Import process completed successfully with status 0 at Wed Jun  4 06:43:45 PM CEST 2025
Import completed at Wed Jun  4 06:43:56 PM CEST 2025
Import operation status: 0 at Wed Jun  4 06:43:56 PM CEST 2025
Import process completed successfully with status 0 at Wed Jun  4 06:43:56 PM CEST 2025
Error code: 1 at Wed Jun  4 06:46:06 PM CEST 2025
Import operation status: 1 at Wed Jun  4 06:46:06 PM CEST 2025
Import process failed with status 1 at Wed Jun  4 06:46:06 PM CEST 2025
Import completed at Wed Jun  4 06:46:22 PM CEST 2025
Import operation status: 0 at Wed Jun  4 06:46:22 PM CEST 2025
Import process completed successfully with status 0 at Wed Jun  4 06:46:22 PM CEST 2025
Import completed at Wed Jun  4 06:46:35 PM CEST 2025
Import operation status: 0 at Wed Jun  4 06:46:35 PM CEST 2025
Import process completed successfully with status 0 at Wed Jun  4 06:46:35 PM CEST 2025
Import completed at Wed Jun  4 06:46:42 PM CEST 2025
Import operation status: 0 at Wed Jun  4 06:46:42 PM CEST 2025
Import process completed successfully with status 0 at Wed Jun  4 06:46:42 PM CEST 2025
Import completed at Wed Jun  4 06:46:49 PM CEST 2025
Import operation status: 0 at Wed Jun  4 06:46:49 PM CEST 2025
Import process completed successfully with status 0 at Wed Jun  4 06:46:49 PM CEST 2025
Import completed at Wed Jun  4 06:47:13 PM CEST 2025
Import operation status: 0 at Wed Jun  4 06:47:13 PM CEST 2025
Import process completed successfully with status 0 at Wed Jun  4 06:47:13 PM CEST 2025
Import completed at Wed Jun  4 06:49:39 PM CEST 2025
Import operation status: 0 at Wed Jun  4 06:49:39 PM CEST 2025
Import process completed successfully with status 0 at Wed Jun  4 06:49:39 PM CEST 2025
Import completed at Wed Jun  4 06:49:53 PM CEST 2025
Import operation status: 0 at Wed Jun  4 06:49:53 PM CEST 2025
Import process completed successfully with status 0 at Wed Jun  4 06:49:53 PM CEST 2025
Import completed at Wed Jun  4 07:13:39 PM CEST 2025
Import operation status: 0 at Wed Jun  4 07:13:39 PM CEST 2025
Import process completed successfully with status 0 at Wed Jun  4 07:13:39 PM CEST 2025
